Component: Arm Compiler for Embedded 6.21 Tool: armlink [5ec1fa00]

==============================================================================

Section Cross References

    startup.o(STACK) refers (Special) to heapauxi.o(.text) for __use_two_region_memory
    startup.o(HEAP) refers (Special) to heapauxi.o(.text) for __use_two_region_memory
    startup.o(RESET) refers (Special) to heapauxi.o(.text) for __use_two_region_memory
    startup.o(RESET) refers to startup.o(STACK) for StackMem
    startup.o(RESET) refers to main.o(.text) for GPIOPortB_Handler
    startup.o(.text) refers (Special) to heapauxi.o(.text) for __use_two_region_memory
    startup.o(.text) refers to startup.o(HEAP) for HeapMem
    startup.o(.text) refers to startup.o(STACK) for StackMem


==============================================================================

Removing Unused input sections from the image.

    Removing startup.o(HEAP), (0 bytes).
    Removing startup.o(.text), (24 bytes).

2 unused section(s) (total 24 bytes) removed from the image.

==============================================================================

Image Symbol Table

    Local Symbols

    Symbol Name                              Value     Ov Type        Size  Object(Section)

    ../clib/heapaux.c                        0x00000000   Number         0  heapauxi.o ABSOLUTE
    dc.s                                     0x00000000   Number         0  dc.o ABSOLUTE
    main.s                                   0x00000000   Number         0  main.o ABSOLUTE
    startup.s                                0x00000000   Number         0  startup.o ABSOLUTE
    RESET                                    0x00000000   Section      648  startup.o(RESET)
    $v0                                      0x0000026c   Number         0  startup.o(RESET)
    NmiSR                                    0x00000281   Thumb Code     0  startup.o(RESET)
    FaultISR                                 0x00000283   Thumb Code     0  startup.o(RESET)
    IntDefaultHandler                        0x00000285   Thumb Code     0  startup.o(RESET)
    $v0                                      0x00000288   Number         0  main.o(.text)
    .text                                    0x00000288   Section     1204  main.o(.text)
    .text                                    0x0000073c   Section        0  heapauxi.o(.text)
    StackMem                                 0x20000000   Data           0  startup.o(STACK)
    STACK                                    0x20000000   Section      256  startup.o(STACK)

    Global Symbols

    Symbol Name                              Value     Ov Type        Size  Object(Section)

    BuildAttributes$$THM_ISAv4$E$P$D$K$B$S$7EM$VFPi3$EXTD16$VFPS$VFMA$PE$A:L22UL41UL21$X:L11$S22US41US21$IEEE1$IW$~IW$USESV6$~STKCKD$USESV7$~SHL$OSPACE$ROPI$EBA8$STANDARDLIB$REQ8$EABIv2 0x00000000   Number         0  anon$$obj.o ABSOLUTE
    __Vectors                                0x00000000   Data           0  startup.o(RESET)
    Reset_Handler                            0x0000026d   Thumb Code     0  startup.o(RESET)
    MAIN                                     0x00000289   Thumb Code     0  main.o(.text)
    GPIOPortB_Handler                        0x0000033b   Thumb Code     0  main.o(.text)
    GPIOPortF_Handler                        0x000004c9   Thumb Code     0  main.o(.text)
    __use_two_region_memory                  0x0000073d   Thumb Code     2  heapauxi.o(.text)
    __rt_heap_escrow$2region                 0x0000073f   Thumb Code     2  heapauxi.o(.text)
    __rt_heap_expand$2region                 0x00000741   Thumb Code     2  heapauxi.o(.text)



==============================================================================

Memory Map of the image

  Image Entry point : 0x0000026d

  Load Region LR_1 (Base: 0x00000000, Size: 0x00000744, Max: 0xffffffff, ABSOLUTE)

    Execution Region ER_RO (Exec base: 0x00000000, Load base: 0x00000000, Size: 0x00000744, Max: 0xffffffff, ABSOLUTE)

    Exec Addr    Load Addr    Size         Type   Attr      Idx    E Section Name        Object

    0x00000000   0x00000000   0x00000288   Code   RO            8  * RESET               startup.o
    0x00000288   0x00000288   0x000004b4   Code   RO            1    .text               main.o
    0x0000073c   0x0000073c   0x00000006   Code   RO           16    .text               c_w.l(heapauxi.o)


    Execution Region ER_RW (Exec base: 0x20000000, Load base: 0x00000744, Size: 0x00000000, Max: 0xffffffff, ABSOLUTE)

    **** No section assigned to this execution region ****


    Execution Region ER_ZI (Exec base: 0x20000000, Load base: 0x00000744, Size: 0x00000100, Max: 0xffffffff, ABSOLUTE)

    Exec Addr    Load Addr    Size         Type   Attr      Idx    E Section Name        Object

    0x20000000        -       0x00000100   Zero   RW            6    STACK               startup.o


==============================================================================

Image component sizes


      Code (inc. data)   RO Data    RW Data    ZI Data      Debug   Object Name

      1204        148          0          0          0        644   main.o
       648        622          0          0        256        260   startup.o

    ----------------------------------------------------------------------
      1852        770          0          0        256        904   Object Totals
         0          0          0          0          0          0   (incl. Generated)
         0          0          0          0          0          0   (incl. Padding)

    ----------------------------------------------------------------------

      Code (inc. data)   RO Data    RW Data    ZI Data      Debug   Library Member Name

         6          0          0          0          0        152   heapauxi.o

    ----------------------------------------------------------------------
         8          0          0          0          0        152   Library Totals
         2          0          0          0          0          0   (incl. Padding)

    ----------------------------------------------------------------------

      Code (inc. data)   RO Data    RW Data    ZI Data      Debug   Library Name

         6          0          0          0          0        152   c_w.l

    ----------------------------------------------------------------------
         8          0          0          0          0        152   Library Totals

    ----------------------------------------------------------------------

==============================================================================


      Code (inc. data)   RO Data    RW Data    ZI Data      Debug   

      1860        770          0          0        256       1056   Grand Totals
      1860        770          0          0        256       1056   ELF Image Totals
      1860        770          0          0          0          0   ROM Totals

==============================================================================

    Total RO  Size (Code + RO Data)                 1860 (   1.82kB)
    Total RW  Size (RW Data + ZI Data)               256 (   0.25kB)
    Total ROM Size (Code + RO Data + RW Data)       1860 (   1.82kB)

==============================================================================

